Flow report for Serial_system_bus
Tue Dec  9 15:27:36 2025
Quartus Prime Version 25.1std.0 Build 1129 10/21/2025 SC Lite Edition


---------------------
; Table of Contents ;
---------------------
  1. Legal Notice
  2. Flow Summary
  3. Flow Settings
  4. Flow Non-Default Global Settings
  5. Flow Elapsed Time
  6. Flow OS Summary
  7. Flow Log
  8. Flow Messages
  9. Flow Suppressed Messages



----------------
; Legal Notice ;
----------------
Copyright (C) 2025  Altera Corporation. All rights reserved.
Your use of Altera Corporation's design tools, logic functions 
and other software and tools, and any partner logic 
functions, and any output files from any of the foregoing 
(including device programming or simulation files), and any 
associated documentation or information are expressly subject 
to the terms and conditions of the Altera Program License 
Subscription Agreement, the Altera Quartus Prime License Agreement,
the Altera IP License Agreement, or other applicable license
agreement, including, without limitation, that your use is for
the sole purpose of programming logic devices manufactured by
Altera and sold by Altera or its authorized distributors.  Please
refer to the Altera Software License Subscription Agreements 
on the Quartus Prime software download page.



+--------------------------------------------------------------------------------------+
; Flow Summary                                                                         ;
+------------------------------------+-------------------------------------------------+
; Flow Status                        ; Successful - Tue Dec  9 15:27:32 2025           ;
; Quartus Prime Version              ; 25.1std.0 Build 1129 10/21/2025 SC Lite Edition ;
; Revision Name                      ; Serial_system_bus                               ;
; Top-level Entity Name              ; demo_uart_bridge                                ;
; Family                             ; Cyclone IV E                                    ;
; Device                             ; EP4CE22F17C6                                    ;
; Timing Models                      ; Final                                           ;
; Total logic elements               ; 1,551 / 22,320 ( 7 % )                          ;
;     Total combinational functions  ; 1,255 / 22,320 ( 6 % )                          ;
;     Dedicated logic registers      ; 1,077 / 22,320 ( 5 % )                          ;
; Total registers                    ; 1077                                            ;
; Total pins                         ; 19 / 154 ( 12 % )                               ;
; Total virtual pins                 ; 0                                               ;
; Total memory bits                  ; 65,536 / 608,256 ( 11 % )                       ;
; Embedded Multiplier 9-bit elements ; 0 / 132 ( 0 % )                                 ;
; Total PLLs                         ; 0 / 4 ( 0 % )                                   ;
+------------------------------------+-------------------------------------------------+


+-----------------------------------------+
; Flow Settings                           ;
+-------------------+---------------------+
; Option            ; Setting             ;
+-------------------+---------------------+
; Start date & time ; 12/09/2025 15:27:11 ;
; Main task         ; Compilation         ;
; Revision Name     ; Serial_system_bus   ;
+-------------------+---------------------+


+----------------------------------------------------------------------------------------------------------------------------------+
; Flow Non-Default Global Settings                                                                                                 ;
+-------------------------------------+----------------------------------------+-------------------+------------------+------------+
; Assignment Name                     ; Value                                  ; Default Value     ; Entity Name      ; Section Id ;
+-------------------------------------+----------------------------------------+-------------------+------------------+------------+
; COMPILER_SIGNATURE_ID               ; 247202820587666.176527423008814        ; --                ; --               ; --         ;
; MAX_CORE_JUNCTION_TEMP              ; 85                                     ; --                ; --               ; --         ;
; MIN_CORE_JUNCTION_TEMP              ; 0                                      ; --                ; --               ; --         ;
; NOMINAL_CORE_SUPPLY_VOLTAGE         ; 1.2V                                   ; --                ; --               ; --         ;
; PARTITION_COLOR                     ; -- (Not supported for targeted family) ; --                ; demo_uart_bridge ; Top        ;
; PARTITION_FITTER_PRESERVATION_LEVEL ; -- (Not supported for targeted family) ; --                ; demo_uart_bridge ; Top        ;
; PARTITION_NETLIST_TYPE              ; -- (Not supported for targeted family) ; --                ; demo_uart_bridge ; Top        ;
; POWER_BOARD_THERMAL_MODEL           ; None (CONSERVATIVE)                    ; --                ; --               ; --         ;
; POWER_PRESET_COOLING_SOLUTION       ; 23 MM HEAT SINK WITH 200 LFPM AIRFLOW  ; --                ; --               ; --         ;
; PROJECT_OUTPUT_DIRECTORY            ; output_files                           ; --                ; --               ; --         ;
; TOP_LEVEL_ENTITY                    ; demo_uart_bridge                       ; Serial_system_bus ; --               ; --         ;
+-------------------------------------+----------------------------------------+-------------------+------------------+------------+


+--------------------------------------------------------------------------------------------------------------------------+
; Flow Elapsed Time                                                                                                        ;
+----------------------+--------------+-------------------------+---------------------+------------------------------------+
; Module Name          ; Elapsed Time ; Average Processors Used ; Peak Virtual Memory ; Total CPU Time (on all processors) ;
+----------------------+--------------+-------------------------+---------------------+------------------------------------+
; Analysis & Synthesis ; 00:00:11     ; 1.0                     ; 467 MB              ; 00:00:22                           ;
; Fitter               ; 00:00:08     ; 1.1                     ; 1116 MB             ; 00:00:10                           ;
; Assembler            ; 00:00:01     ; 1.0                     ; 368 MB              ; 00:00:01                           ;
; Timing Analyzer      ; 00:00:02     ; 1.2                     ; 556 MB              ; 00:00:02                           ;
; Total                ; 00:00:22     ; --                      ; --                  ; 00:00:35                           ;
+----------------------+--------------+-------------------------+---------------------+------------------------------------+


+-----------------------------------------------------------------------------------+
; Flow OS Summary                                                                   ;
+----------------------+--------------------+---------+------------+----------------+
; Module Name          ; Machine Hostname   ; OS Name ; OS Version ; Processor type ;
+----------------------+--------------------+---------+------------+----------------+
; Analysis & Synthesis ; akitha-aevocode-pc ; Ubuntu  ; 22         ; x86_64         ;
; Fitter               ; akitha-aevocode-pc ; Ubuntu  ; 22         ; x86_64         ;
; Assembler            ; akitha-aevocode-pc ; Ubuntu  ; 22         ; x86_64         ;
; Timing Analyzer      ; akitha-aevocode-pc ; Ubuntu  ; 22         ; x86_64         ;
+----------------------+--------------------+---------+------------+----------------+


------------
; Flow Log ;
------------
quartus_map --read_settings_files=on --write_settings_files=off Serial_system_bus -c Serial_system_bus
quartus_fit --read_settings_files=off --write_settings_files=off Serial_system_bus -c Serial_system_bus
quartus_asm --read_settings_files=off --write_settings_files=off Serial_system_bus -c Serial_system_bus
quartus_sta Serial_system_bus -c Serial_system_bus



