------------------------------------------------------------
Timing Analyzer Summary
------------------------------------------------------------

Type  : Slow 1200mV 85C Model Setup 'CLOCK_50'
Slack : -3.106
TNS   : -1589.296

Type  : Slow 1200mV 85C Model Hold 'CLOCK_50'
Slack : 0.254
TNS   : 0.000

Type  : Slow 1200mV 85C Model Recovery 'CLOCK_50'
Slack : -1.724
TNS   : -309.096

Type  : Slow 1200mV 85C Model Removal 'CLOCK_50'
Slack : 1.837
TNS   : 0.000

Type  : Slow 1200mV 85C Model Minimum Pulse Width 'CLOCK_50'
Slack : -3.000
TNS   : -911.008

Type  : Slow 1200mV 0C Model Setup 'CLOCK_50'
Slack : -2.697
TNS   : -1344.716

Type  : Slow 1200mV 0C Model Hold 'CLOCK_50'
Slack : 0.246
TNS   : 0.000

Type  : Slow 1200mV 0C Model Recovery 'CLOCK_50'
Slack : -1.406
TNS   : -247.773

Type  : Slow 1200mV 0C Model Removal 'CLOCK_50'
Slack : 1.633
TNS   : 0.000

Type  : Slow 1200mV 0C Model Minimum Pulse Width 'CLOCK_50'
Slack : -3.000
TNS   : -910.900

Type  : Fast 1200mV 0C Model Setup 'CLOCK_50'
Slack : -1.346
TNS   : -547.180

Type  : Fast 1200mV 0C Model Hold 'CLOCK_50'
Slack : 0.113
TNS   : 0.000

Type  : Fast 1200mV 0C Model Recovery 'CLOCK_50'
Slack : -0.608
TNS   : -99.167

Type  : Fast 1200mV 0C Model Removal 'CLOCK_50'
Slack : 1.080
TNS   : 0.000

Type  : Fast 1200mV 0C Model Minimum Pulse Width 'CLOCK_50'
Slack : -3.000
TNS   : -1127.429

------------------------------------------------------------
