------------------------------------------------------------
Timing Analyzer Summary
------------------------------------------------------------

Type  : Slow 1200mV 85C Model Setup 'CLOCK_50'
Slack : -3.061
TNS   : -755.352

Type  : Slow 1200mV 85C Model Hold 'CLOCK_50'
Slack : 0.295
TNS   : 0.000

Type  : Slow 1200mV 85C Model Recovery 'CLOCK_50'
Slack : -0.935
TNS   : -47.846

Type  : Slow 1200mV 85C Model Removal 'CLOCK_50'
Slack : 0.900
TNS   : 0.000

Type  : Slow 1200mV 85C Model Minimum Pulse Width 'CLOCK_50'
Slack : -3.000
TNS   : -525.278

Type  : Slow 1200mV 0C Model Setup 'CLOCK_50'
Slack : -2.645
TNS   : -633.301

Type  : Slow 1200mV 0C Model Hold 'CLOCK_50'
Slack : 0.290
TNS   : 0.000

Type  : Slow 1200mV 0C Model Recovery 'CLOCK_50'
Slack : -0.714
TNS   : -34.174

Type  : Slow 1200mV 0C Model Removal 'CLOCK_50'
Slack : 0.811
TNS   : 0.000

Type  : Slow 1200mV 0C Model Minimum Pulse Width 'CLOCK_50'
Slack : -3.000
TNS   : -525.242

Type  : Fast 1200mV 0C Model Setup 'CLOCK_50'
Slack : -1.338
TNS   : -239.934

Type  : Fast 1200mV 0C Model Hold 'CLOCK_50'
Slack : 0.140
TNS   : 0.000

Type  : Fast 1200mV 0C Model Recovery 'CLOCK_50'
Slack : -0.145
TNS   : -1.904

Type  : Fast 1200mV 0C Model Removal 'CLOCK_50'
Slack : 0.495
TNS   : 0.000

Type  : Fast 1200mV 0C Model Minimum Pulse Width 'CLOCK_50'
Slack : -3.000
TNS   : -611.790

------------------------------------------------------------
