Flow report for ads_bus_system
Tue Dec  2 17:31:59 2025
Quartus Prime Version 20.1.0 Build 711 06/05/2020 SJ Lite Edition


---------------------
; Table of Contents ;
---------------------
  1. Legal Notice
  2. Flow Summary
  3. Flow Settings
  4. Flow Non-Default Global Settings
  5. Flow Elapsed Time
  6. Flow OS Summary
  7. Flow Log
  8. Flow Messages
  9. Flow Suppressed Messages



----------------
; Legal Notice ;
----------------
Copyright (C) 2020  Intel Corporation. All rights reserved.
Your use of Intel Corporation's design tools, logic functions 
and other software and tools, and any partner logic 
functions, and any output files from any of the foregoing 
(including device programming or simulation files), and any 
associated documentation or information are expressly subject 
to the terms and conditions of the Intel Program License 
Subscription Agreement, the Intel Quartus Prime License Agreement,
the Intel FPGA IP License Agreement, or other applicable license
agreement, including, without limitation, that your use is for
the sole purpose of programming logic devices manufactured by
Intel and sold by Intel or its authorized distributors.  Please
refer to the applicable agreement for further details, at
https://fpgasoftware.intel.com/eula.



+----------------------------------------------------------------------------------+
; Flow Summary                                                                     ;
+------------------------------------+---------------------------------------------+
; Flow Status                        ; Successful - Tue Dec  2 17:31:59 2025       ;
; Quartus Prime Version              ; 20.1.0 Build 711 06/05/2020 SJ Lite Edition ;
; Revision Name                      ; ads_bus_system                              ;
; Top-level Entity Name              ; demo_uart_bridge                            ;
; Family                             ; Cyclone IV E                                ;
; Device                             ; EP4CE22F17C6                                ;
; Timing Models                      ; Final                                       ;
; Total logic elements               ; 1,463 / 22,320 ( 7 % )                      ;
;     Total combinational functions  ; 1,380 / 22,320 ( 6 % )                      ;
;     Dedicated logic registers      ; 838 / 22,320 ( 4 % )                        ;
; Total registers                    ; 838                                         ;
; Total pins                         ; 19 / 154 ( 12 % )                           ;
; Total virtual pins                 ; 0                                           ;
; Total memory bits                  ; 65,536 / 608,256 ( 11 % )                   ;
; Embedded Multiplier 9-bit elements ; 0 / 132 ( 0 % )                             ;
; Total PLLs                         ; 0 / 4 ( 0 % )                               ;
+------------------------------------+---------------------------------------------+


+-----------------------------------------+
; Flow Settings                           ;
+-------------------+---------------------+
; Option            ; Setting             ;
+-------------------+---------------------+
; Start date & time ; 12/02/2025 17:31:38 ;
; Main task         ; Compilation         ;
; Revision Name     ; ads_bus_system      ;
+-------------------+---------------------+


+---------------------------------------------------------------------------------------------------------------------------------------+
; Flow Non-Default Global Settings                                                                                                      ;
+-----------------------------------------+----------------------------------------+----------------+------------------+----------------+
; Assignment Name                         ; Value                                  ; Default Value  ; Entity Name      ; Section Id     ;
+-----------------------------------------+----------------------------------------+----------------+------------------+----------------+
; ADV_NETLIST_OPT_SYNTH_WYSIWYG_REMAP     ; On                                     ; Off            ; --               ; --             ;
; COMPILER_SIGNATURE_ID                   ; 268446079514813.176467689808613        ; --             ; --               ; --             ;
; EDA_OUTPUT_DATA_FORMAT                  ; Verilog Hdl                            ; --             ; --               ; eda_simulation ;
; EDA_SIMULATION_TOOL                     ; ModelSim-Altera (Verilog)              ; <None>         ; --               ; --             ;
; EDA_TIME_SCALE                          ; 1 ps                                   ; --             ; --               ; eda_simulation ;
; FITTER_EFFORT                           ; Standard Fit                           ; Auto Fit       ; --               ; --             ;
; MAX_CORE_JUNCTION_TEMP                  ; 85                                     ; --             ; --               ; --             ;
; MIN_CORE_JUNCTION_TEMP                  ; 0                                      ; --             ; --               ; --             ;
; MUX_RESTRUCTURE                         ; Off                                    ; Auto           ; --               ; --             ;
; OPTIMIZATION_MODE                       ; Aggressive Performance                 ; Balanced       ; --               ; --             ;
; PARTITION_COLOR                         ; -- (Not supported for targeted family) ; --             ; demo_uart_bridge ; Top            ;
; PARTITION_FITTER_PRESERVATION_LEVEL     ; -- (Not supported for targeted family) ; --             ; demo_uart_bridge ; Top            ;
; PARTITION_NETLIST_TYPE                  ; -- (Not supported for targeted family) ; --             ; demo_uart_bridge ; Top            ;
; PHYSICAL_SYNTHESIS_COMBO_LOGIC          ; On                                     ; Off            ; --               ; --             ;
; PHYSICAL_SYNTHESIS_REGISTER_DUPLICATION ; On                                     ; Off            ; --               ; --             ;
; PHYSICAL_SYNTHESIS_REGISTER_RETIMING    ; On                                     ; Off            ; --               ; --             ;
; PLACEMENT_EFFORT_MULTIPLIER             ; 4.0                                    ; 1.0            ; --               ; --             ;
; POWER_BOARD_THERMAL_MODEL               ; None (CONSERVATIVE)                    ; --             ; --               ; --             ;
; POWER_PRESET_COOLING_SOLUTION           ; 23 MM HEAT SINK WITH 200 LFPM AIRFLOW  ; --             ; --               ; --             ;
; ROUTER_TIMING_OPTIMIZATION_LEVEL        ; MAXIMUM                                ; Normal         ; --               ; --             ;
; TOP_LEVEL_ENTITY                        ; demo_uart_bridge                       ; ads_bus_system ; --               ; --             ;
+-----------------------------------------+----------------------------------------+----------------+------------------+----------------+


+--------------------------------------------------------------------------------------------------------------------------+
; Flow Elapsed Time                                                                                                        ;
+----------------------+--------------+-------------------------+---------------------+------------------------------------+
; Module Name          ; Elapsed Time ; Average Processors Used ; Peak Virtual Memory ; Total CPU Time (on all processors) ;
+----------------------+--------------+-------------------------+---------------------+------------------------------------+
; Analysis & Synthesis ; 00:00:09     ; 1.0                     ; 529 MB              ; 00:00:18                           ;
; Fitter               ; 00:00:08     ; 1.1                     ; 1340 MB             ; 00:00:15                           ;
; Assembler            ; 00:00:01     ; 1.0                     ; 356 MB              ; 00:00:01                           ;
; Timing Analyzer      ; 00:00:01     ; 1.2                     ; 536 MB              ; 00:00:01                           ;
; EDA Netlist Writer   ; 00:00:00     ; 1.0                     ; 606 MB              ; 00:00:00                           ;
; Total                ; 00:00:19     ; --                      ; --                  ; 00:00:35                           ;
+----------------------+--------------+-------------------------+---------------------+------------------------------------+


+------------------------------------------------------------------------------------------------+
; Flow OS Summary                                                                                ;
+----------------------+--------------------------+----------------+------------+----------------+
; Module Name          ; Machine Hostname         ; OS Name        ; OS Version ; Processor type ;
+----------------------+--------------------------+----------------+------------+----------------+
; Analysis & Synthesis ; prabathbk-GF63-Thin-11UC ; Ubuntu 22.04.5 ; 22         ; x86_64         ;
; Fitter               ; prabathbk-GF63-Thin-11UC ; Ubuntu 22.04.5 ; 22         ; x86_64         ;
; Assembler            ; prabathbk-GF63-Thin-11UC ; Ubuntu 22.04.5 ; 22         ; x86_64         ;
; Timing Analyzer      ; prabathbk-GF63-Thin-11UC ; Ubuntu 22.04.5 ; 22         ; x86_64         ;
; EDA Netlist Writer   ; prabathbk-GF63-Thin-11UC ; Ubuntu 22.04.5 ; 22         ; x86_64         ;
+----------------------+--------------------------+----------------+------------+----------------+


------------
; Flow Log ;
------------
quartus_map --read_settings_files=on --write_settings_files=off ads_bus_system -c ads_bus_system
quartus_fit --read_settings_files=off --write_settings_files=off ads_bus_system -c ads_bus_system
quartus_asm --read_settings_files=off --write_settings_files=off ads_bus_system -c ads_bus_system
quartus_sta ads_bus_system -c ads_bus_system
quartus_eda --read_settings_files=off --write_settings_files=off ads_bus_system -c ads_bus_system



