------------------------------------------------------------
Timing Analyzer Summary
------------------------------------------------------------

Type  : Slow 1200mV 85C Model Setup 'CLOCK_50'
Slack : -3.245
TNS   : -1630.382

Type  : Slow 1200mV 85C Model Hold 'CLOCK_50'
Slack : 0.301
TNS   : 0.000

Type  : Slow 1200mV 85C Model Recovery 'CLOCK_50'
Slack : -1.820
TNS   : -328.339

Type  : Slow 1200mV 85C Model Removal 'CLOCK_50'
Slack : 1.954
TNS   : 0.000

Type  : Slow 1200mV 85C Model Minimum Pulse Width 'CLOCK_50'
Slack : -3.000
TNS   : -876.344

Type  : Slow 1200mV 0C Model Setup 'CLOCK_50'
Slack : -2.803
TNS   : -1384.574

Type  : Slow 1200mV 0C Model Hold 'CLOCK_50'
Slack : 0.296
TNS   : 0.000

Type  : Slow 1200mV 0C Model Recovery 'CLOCK_50'
Slack : -1.516
TNS   : -270.391

Type  : Slow 1200mV 0C Model Removal 'CLOCK_50'
Slack : 1.745
TNS   : 0.000

Type  : Slow 1200mV 0C Model Minimum Pulse Width 'CLOCK_50'
Slack : -3.000
TNS   : -876.346

Type  : Fast 1200mV 0C Model Setup 'CLOCK_50'
Slack : -1.389
TNS   : -593.195

Type  : Fast 1200mV 0C Model Hold 'CLOCK_50'
Slack : 0.141
TNS   : 0.000

Type  : Fast 1200mV 0C Model Recovery 'CLOCK_50'
Slack : -0.668
TNS   : -111.000

Type  : Fast 1200mV 0C Model Removal 'CLOCK_50'
Slack : 1.139
TNS   : 0.000

Type  : Fast 1200mV 0C Model Minimum Pulse Width 'CLOCK_50'
Slack : -3.000
TNS   : -1088.707

------------------------------------------------------------
