------------------------------------------------------------
Timing Analyzer Summary
------------------------------------------------------------

Type  : Slow 1200mV 85C Model Setup 'FPGA_CLK1_50'
Slack : 10.707
TNS   : 0.000

Type  : Slow 1200mV 85C Model Hold 'FPGA_CLK1_50'
Slack : 0.301
TNS   : 0.000

Type  : Slow 1200mV 85C Model Recovery 'FPGA_CLK1_50'
Slack : 17.771
TNS   : 0.000

Type  : Slow 1200mV 85C Model Removal 'FPGA_CLK1_50'
Slack : 1.028
TNS   : 0.000

Type  : Slow 1200mV 85C Model Minimum Pulse Width 'FPGA_CLK1_50'
Slack : 9.486
TNS   : 0.000

Type  : Slow 1200mV 0C Model Setup 'FPGA_CLK1_50'
Slack : 11.425
TNS   : 0.000

Type  : Slow 1200mV 0C Model Hold 'FPGA_CLK1_50'
Slack : 0.298
TNS   : 0.000

Type  : Slow 1200mV 0C Model Recovery 'FPGA_CLK1_50'
Slack : 18.010
TNS   : 0.000

Type  : Slow 1200mV 0C Model Removal 'FPGA_CLK1_50'
Slack : 0.934
TNS   : 0.000

Type  : Slow 1200mV 0C Model Minimum Pulse Width 'FPGA_CLK1_50'
Slack : 9.489
TNS   : 0.000

Type  : Fast 1200mV 0C Model Setup 'FPGA_CLK1_50'
Slack : 13.710
TNS   : 0.000

Type  : Fast 1200mV 0C Model Hold 'FPGA_CLK1_50'
Slack : 0.142
TNS   : 0.000

Type  : Fast 1200mV 0C Model Recovery 'FPGA_CLK1_50'
Slack : 18.665
TNS   : 0.000

Type  : Fast 1200mV 0C Model Removal 'FPGA_CLK1_50'
Slack : 0.555
TNS   : 0.000

Type  : Fast 1200mV 0C Model Minimum Pulse Width 'FPGA_CLK1_50'
Slack : 9.206
TNS   : 0.000

------------------------------------------------------------
